// Jest Snapshot v1, https://goo.gl/fbAQLP

exports[`Header renders correctly 1`] = `
<header
  data-testid="header"
>
  <div
    className="css-1g1xloh-Header"
  >
    <a
      className="css-filgdf-Header"
      href="/"
    >
      Pokedex home
    </a>
  </div>
</header>
`;
